// Jest Snapshot v1, https://goo.gl/fbAQLP

exports[`checkDownstream 1`] = `
[
  {
    "channelId": "1",
    "channelType": "SC-QAM",
    "diagnose": {
      "color": "red",
      "description": "Fix immediately",
      "deviation": true,
    },
    "frequency": 114,
    "lockStatus": "Locked",
    "modulation": "256QAM",
    "powerLevel": 55.1,
    "snr": 35,
  },
  {
    "channelId": "2",
    "channelType": "SC-QAM",
    "diagnose": {
      "color": "red",
      "description": "Fix immediately",
      "deviation": true,
    },
    "frequency": 130,
    "lockStatus": "Locked",
    "modulation": "256QAM",
    "powerLevel": 54.7,
    "snr": 35,
  },
  {
    "channelId": "3",
    "channelType": "SC-QAM",
    "diagnose": {
      "color": "red",
      "description": "Fix immediately",
      "deviation": true,
    },
    "frequency": 138,
    "lockStatus": "Locked",
    "modulation": "256QAM",
    "powerLevel": 54.8,
    "snr": 36,
  },
  {
    "channelId": "4",
    "channelType": "SC-QAM",
    "diagnose": {
      "color": "red",
      "description": "Fix immediately",
      "deviation": true,
    },
    "frequency": 146,
    "lockStatus": "Locked",
    "modulation": "256QAM",
    "powerLevel": 54.6,
    "snr": 36,
  },
  {
    "channelId": "5",
    "channelType": "SC-QAM",
    "diagnose": {
      "color": "red",
      "description": "Fix immediately",
      "deviation": true,
    },
    "frequency": 602,
    "lockStatus": "Locked",
    "modulation": "256QAM",
    "powerLevel": 57,
    "snr": 38,
  },
  {
    "channelId": "6",
    "channelType": "SC-QAM",
    "diagnose": {
      "color": "red",
      "description": "Fix immediately",
      "deviation": true,
    },
    "frequency": 618,
    "lockStatus": "Locked",
    "modulation": "256QAM",
    "powerLevel": 57.3,
    "snr": 39,
  },
  {
    "channelId": "7",
    "channelType": "SC-QAM",
    "diagnose": {
      "color": "red",
      "description": "Fix immediately",
      "deviation": true,
    },
    "frequency": 626,
    "lockStatus": "Locked",
    "modulation": "256QAM",
    "powerLevel": 57.7,
    "snr": 38,
  },
  {
    "channelId": "8",
    "channelType": "SC-QAM",
    "diagnose": {
      "color": "red",
      "description": "Fix immediately",
      "deviation": true,
    },
    "frequency": 642,
    "lockStatus": "Locked",
    "modulation": "256QAM",
    "powerLevel": 58.5,
    "snr": 39,
  },
  {
    "channelId": "9",
    "channelType": "SC-QAM",
    "diagnose": {
      "color": "red",
      "description": "Fix immediately",
      "deviation": true,
    },
    "frequency": 650,
    "lockStatus": "Locked",
    "modulation": "256QAM",
    "powerLevel": 58.3,
    "snr": 39,
  },
  {
    "channelId": "10",
    "channelType": "SC-QAM",
    "diagnose": {
      "color": "red",
      "description": "Fix immediately",
      "deviation": true,
    },
    "frequency": 658,
    "lockStatus": "Locked",
    "modulation": "256QAM",
    "powerLevel": 58.3,
    "snr": 39,
  },
  {
    "channelId": "11",
    "channelType": "SC-QAM",
    "diagnose": {
      "color": "red",
      "description": "Fix immediately",
      "deviation": true,
    },
    "frequency": 666,
    "lockStatus": "Locked",
    "modulation": "256QAM",
    "powerLevel": 58.1,
    "snr": 38,
  },
  {
    "channelId": "12",
    "channelType": "SC-QAM",
    "diagnose": {
      "color": "red",
      "description": "Fix immediately",
      "deviation": true,
    },
    "frequency": 674,
    "lockStatus": "Locked",
    "modulation": "256QAM",
    "powerLevel": 58.8,
    "snr": 39,
  },
  {
    "channelId": "13",
    "channelType": "SC-QAM",
    "diagnose": {
      "color": "red",
      "description": "Fix immediately",
      "deviation": true,
    },
    "frequency": 682,
    "lockStatus": "Locked",
    "modulation": "256QAM",
    "powerLevel": 58.8,
    "snr": 39,
  },
  {
    "channelId": "14",
    "channelType": "SC-QAM",
    "diagnose": {
      "color": "red",
      "description": "Fix immediately",
      "deviation": true,
    },
    "frequency": 690,
    "lockStatus": "Locked",
    "modulation": "256QAM",
    "powerLevel": 59.4,
    "snr": 39,
  },
  {
    "channelId": "15",
    "channelType": "SC-QAM",
    "diagnose": {
      "color": "red",
      "description": "Fix immediately",
      "deviation": true,
    },
    "frequency": 698,
    "lockStatus": "Locked",
    "modulation": "64QAM",
    "powerLevel": 53,
    "snr": 35,
  },
  {
    "channelId": "16",
    "channelType": "SC-QAM",
    "diagnose": {
      "color": "red",
      "description": "Fix immediately",
      "deviation": true,
    },
    "frequency": 706,
    "lockStatus": "Locked",
    "modulation": "64QAM",
    "powerLevel": 54.1,
    "snr": 35,
  },
  {
    "channelId": "17",
    "channelType": "SC-QAM",
    "diagnose": {
      "color": "red",
      "description": "Fix immediately",
      "deviation": true,
    },
    "frequency": 714,
    "lockStatus": "Locked",
    "modulation": "64QAM",
    "powerLevel": 54.2,
    "snr": 34,
  },
  {
    "channelId": "18",
    "channelType": "SC-QAM",
    "diagnose": {
      "color": "red",
      "description": "Fix immediately",
      "deviation": true,
    },
    "frequency": 722,
    "lockStatus": "Locked",
    "modulation": "64QAM",
    "powerLevel": 53.8,
    "snr": 35,
  },
  {
    "channelId": "19",
    "channelType": "SC-QAM",
    "diagnose": {
      "color": "red",
      "description": "Fix immediately",
      "deviation": true,
    },
    "frequency": 730,
    "lockStatus": "Locked",
    "modulation": "64QAM",
    "powerLevel": 53.9,
    "snr": 35,
  },
  {
    "channelId": "20",
    "channelType": "SC-QAM",
    "diagnose": {
      "color": "red",
      "description": "Fix immediately",
      "deviation": true,
    },
    "frequency": 738,
    "lockStatus": "Locked",
    "modulation": "64QAM",
    "powerLevel": 54.9,
    "snr": 35,
  },
  {
    "channelId": "21",
    "channelType": "SC-QAM",
    "diagnose": {
      "color": "red",
      "description": "Fix immediately",
      "deviation": true,
    },
    "frequency": 746,
    "lockStatus": "Locked",
    "modulation": "64QAM",
    "powerLevel": 55.3,
    "snr": 35,
  },
  {
    "channelId": "22",
    "channelType": "SC-QAM",
    "diagnose": {
      "color": "red",
      "description": "Fix immediately",
      "deviation": true,
    },
    "frequency": 754,
    "lockStatus": "Locked",
    "modulation": "64QAM",
    "powerLevel": 54.5,
    "snr": 35,
  },
  {
    "channelId": "23",
    "channelType": "SC-QAM",
    "diagnose": {
      "color": "red",
      "description": "Fix immediately",
      "deviation": true,
    },
    "frequency": 762,
    "lockStatus": "Locked",
    "modulation": "64QAM",
    "powerLevel": 54.5,
    "snr": 35,
  },
  {
    "channelId": "24",
    "channelType": "SC-QAM",
    "diagnose": {
      "color": "red",
      "description": "Fix immediately",
      "deviation": true,
    },
    "frequency": 770,
    "lockStatus": "Locked",
    "modulation": "64QAM",
    "powerLevel": 54.5,
    "snr": 35,
  },
  {
    "channelId": "25",
    "channelType": "SC-QAM",
    "diagnose": {
      "color": "red",
      "description": "Fix immediately",
      "deviation": true,
    },
    "frequency": 778,
    "lockStatus": "Locked",
    "modulation": "64QAM",
    "powerLevel": 55,
    "snr": 35,
  },
  {
    "channelId": "26",
    "channelType": "SC-QAM",
    "diagnose": {
      "color": "red",
      "description": "Fix immediately",
      "deviation": true,
    },
    "frequency": 786,
    "lockStatus": "Locked",
    "modulation": "64QAM",
    "powerLevel": 55,
    "snr": 35,
  },
  {
    "channelId": "27",
    "channelType": "SC-QAM",
    "diagnose": {
      "color": "red",
      "description": "Fix immediately",
      "deviation": true,
    },
    "frequency": 794,
    "lockStatus": "Locked",
    "modulation": "64QAM",
    "powerLevel": 54.9,
    "snr": 34,
  },
  {
    "channelId": "28",
    "channelType": "SC-QAM",
    "diagnose": {
      "color": "red",
      "description": "Fix immediately",
      "deviation": true,
    },
    "frequency": 802,
    "lockStatus": "Locked",
    "modulation": "64QAM",
    "powerLevel": 54.4,
    "snr": 35,
  },
  {
    "channelId": "29",
    "channelType": "SC-QAM",
    "diagnose": {
      "color": "red",
      "description": "Fix immediately",
      "deviation": true,
    },
    "frequency": 810,
    "lockStatus": "Locked",
    "modulation": "64QAM",
    "powerLevel": 54.1,
    "snr": 35,
  },
  {
    "channelId": "30",
    "channelType": "SC-QAM",
    "diagnose": {
      "color": "red",
      "description": "Fix immediately",
      "deviation": true,
    },
    "frequency": 818,
    "lockStatus": "Locked",
    "modulation": "64QAM",
    "powerLevel": 54.5,
    "snr": 35,
  },
  {
    "channelId": "31",
    "channelType": "SC-QAM",
    "diagnose": {
      "color": "red",
      "description": "Fix immediately",
      "deviation": true,
    },
    "frequency": 826,
    "lockStatus": "Locked",
    "modulation": "64QAM",
    "powerLevel": 54.5,
    "snr": 35,
  },
  {
    "channelId": "32",
    "channelType": "SC-QAM",
    "diagnose": {
      "color": "red",
      "description": "Fix immediately",
      "deviation": true,
    },
    "frequency": 834,
    "lockStatus": "Locked",
    "modulation": "64QAM",
    "powerLevel": 53.7,
    "snr": 34,
  },
]
`;

exports[`checkOfdmDownstream 1`] = `
[
  {
    "channelId": "33",
    "channelType": "OFDM",
    "diagnose": {
      "color": "red",
      "description": "Fix immediately",
      "deviation": true,
    },
    "frequencyEnd": 324,
    "frequencyStart": 151,
    "lockStatus": "Locked",
    "modulation": "1024QAM",
    "powerLevel": 56.1,
    "snr": 39,
  },
]
`;

exports[`checkOfdmaUpstream 1`] = `
[
  {
    "channelId": "9",
    "channelType": "OFDMA",
    "diagnose": {
      "color": "red",
      "description": "Fix immediately",
      "deviation": true,
    },
    "frequencyEnd": 64.8,
    "frequencyStart": 29.8,
    "lockStatus": "SUCCESS",
    "modulation": "16_QAM",
    "powerLevel": 106.2,
    "snr": 0,
  },
]
`;

exports[`checkUpstream 1`] = `
[
  {
    "channelId": "3",
    "channelType": "SC-QAM",
    "diagnose": {
      "color": "red",
      "description": "Fix immediately",
      "deviation": true,
    },
    "frequency": 37,
    "lockStatus": "Locked",
    "modulation": "64QAM",
    "powerLevel": 110.3,
    "snr": 0,
  },
  {
    "channelId": "4",
    "channelType": "SC-QAM",
    "diagnose": {
      "color": "red",
      "description": "Fix immediately",
      "deviation": true,
    },
    "frequency": 31,
    "lockStatus": "Locked",
    "modulation": "32QAM",
    "powerLevel": 110.3,
    "snr": 0,
  },
  {
    "channelId": "1",
    "channelType": "SC-QAM",
    "diagnose": {
      "color": "red",
      "description": "Fix immediately",
      "deviation": true,
    },
    "frequency": 51,
    "lockStatus": "Locked",
    "modulation": "64QAM",
    "powerLevel": 110.3,
    "snr": 0,
  },
  {
    "channelId": "2",
    "channelType": "SC-QAM",
    "diagnose": {
      "color": "red",
      "description": "Fix immediately",
      "deviation": true,
    },
    "frequency": 45,
    "lockStatus": "Locked",
    "modulation": "64QAM",
    "powerLevel": 110.3,
    "snr": 0,
  },
]
`;
