// Jest Snapshot v1, https://goo.gl/fbAQLP

exports[`TablePrinter print 1`] = `
"
Downstream
+----+----------+------------+-------+-----------+---------------+------+
| ID | Ch. Type | Modulation | Power | Frequency |  Lock status  | SNR  |
+----+----------+------------+-------+-----------+---------------+------+
| 1  | SC-QAM   | 256QAM     | 55.1  | 114       | Locked        | 35   |
+----+----------+------------+-------+-----------+---------------+------+
| 2  | SC-QAM   | 256QAM     | 54.7  | 130       | Locked        | 35   |
+----+----------+------------+-------+-----------+---------------+------+
| 3  | SC-QAM   | 256QAM     | 54.8  | 138       | Locked        | 36   |
+----+----------+------------+-------+-----------+---------------+------+
| 4  | SC-QAM   | 256QAM     | 54.6  | 146       | Locked        | 36   |
+----+----------+------------+-------+-----------+---------------+------+
| 5  | SC-QAM   | 256QAM     | 57    | 602       | Locked        | 38   |
+----+----------+------------+-------+-----------+---------------+------+
| 6  | SC-QAM   | 256QAM     | 57.3  | 618       | Locked        | 39   |
+----+----------+------------+-------+-----------+---------------+------+
| 7  | SC-QAM   | 256QAM     | 57.7  | 626       | Locked        | 38   |
+----+----------+------------+-------+-----------+---------------+------+
| 8  | SC-QAM   | 256QAM     | 58.5  | 642       | Locked        | 39   |
+----+----------+------------+-------+-----------+---------------+------+
| 9  | SC-QAM   | 256QAM     | 58.3  | 650       | Locked        | 39   |
+----+----------+------------+-------+-----------+---------------+------+
| 10 | SC-QAM   | 256QAM     | 58.3  | 658       | Locked        | 39   |
+----+----------+------------+-------+-----------+---------------+------+
| 11 | SC-QAM   | 256QAM     | 58.1  | 666       | Locked        | 38   |
+----+----------+------------+-------+-----------+---------------+------+
| 12 | SC-QAM   | 256QAM     | 58.8  | 674       | Locked        | 39   |
+----+----------+------------+-------+-----------+---------------+------+
| 13 | SC-QAM   | 256QAM     | 58.8  | 682       | Locked        | 39   |
+----+----------+------------+-------+-----------+---------------+------+
| 14 | SC-QAM   | 256QAM     | 59.4  | 690       | Locked        | 39   |
+----+----------+------------+-------+-----------+---------------+------+
| 15 | SC-QAM   | 64QAM      | 53    | 698       | Locked        | 35   |
+----+----------+------------+-------+-----------+---------------+------+
| 16 | SC-QAM   | 64QAM      | 54.1  | 706       | Locked        | 35   |
+----+----------+------------+-------+-----------+---------------+------+
| 17 | SC-QAM   | 64QAM      | 54.2  | 714       | Locked        | 34   |
+----+----------+------------+-------+-----------+---------------+------+
| 18 | SC-QAM   | 64QAM      | 53.8  | 722       | Locked        | 35   |
+----+----------+------------+-------+-----------+---------------+------+
| 19 | SC-QAM   | 64QAM      | 53.9  | 730       | Locked        | 35   |
+----+----------+------------+-------+-----------+---------------+------+
| 20 | SC-QAM   | 64QAM      | 54.9  | 738       | Locked        | 35   |
+----+----------+------------+-------+-----------+---------------+------+
| 21 | SC-QAM   | 64QAM      | 55.3  | 746       | Locked        | 35   |
+----+----------+------------+-------+-----------+---------------+------+
| 22 | SC-QAM   | 64QAM      | 54.5  | 754       | Locked        | 35   |
+----+----------+------------+-------+-----------+---------------+------+
| 23 | SC-QAM   | 64QAM      | 54.5  | 762       | Locked        | 35   |
+----+----------+------------+-------+-----------+---------------+------+
| 24 | SC-QAM   | 64QAM      | 54.5  | 770       | Locked        | 35   |
+----+----------+------------+-------+-----------+---------------+------+
| 25 | SC-QAM   | 64QAM      | 55    | 778       | Locked        | 35   |
+----+----------+------------+-------+-----------+---------------+------+
| 26 | SC-QAM   | 64QAM      | 55    | 786       | Locked        | 35   |
+----+----------+------------+-------+-----------+---------------+------+
| 27 | SC-QAM   | 64QAM      | 54.9  | 794       | Locked        | 34   |
+----+----------+------------+-------+-----------+---------------+------+
| 28 | SC-QAM   | 64QAM      | 54.4  | 802       | Locked        | 35   |
+----+----------+------------+-------+-----------+---------------+------+
| 29 | SC-QAM   | 64QAM      | 54.1  | 810       | Locked        | 35   |
+----+----------+------------+-------+-----------+---------------+------+
| 30 | SC-QAM   | 64QAM      | 54.5  | 818       | Locked        | 35   |
+----+----------+------------+-------+-----------+---------------+------+
| 31 | SC-QAM   | 64QAM      | 54.5  | 826       | Locked        | 35   |
+----+----------+------------+-------+-----------+---------------+------+
| 32 | SC-QAM   | 64QAM      | 53.7  | 834       | Locked        | 34   |
+----+----------+------------+-------+-----------+---------------+------+

Downstream OFDM
+----+----------+------------+-------+-----------+---------------+------+
| ID | Ch. Type | Modulation | Power | Frequency |  Lock status  | SNR  |
+----+----------+------------+-------+-----------+---------------+------+
| 33 | OFDM     | 1024QAM    | 56.1  | 151-324   | Locked        | 39   |
+----+----------+------------+-------+-----------+---------------+------+

Upstream
+----+----------+------------+-------+-----------+---------------+------+
| ID | Ch. Type | Modulation | Power | Frequency |  Lock status  | SNR  |
+----+----------+------------+-------+-----------+---------------+------+
| 3  | SC-QAM   | 64QAM      | 110.3 | 37        | Locked        | 0    |
+----+----------+------------+-------+-----------+---------------+------+
| 4  | SC-QAM   | 32QAM      | 110.3 | 31        | Locked        | 0    |
+----+----------+------------+-------+-----------+---------------+------+
| 1  | SC-QAM   | 64QAM      | 110.3 | 51        | Locked        | 0    |
+----+----------+------------+-------+-----------+---------------+------+
| 2  | SC-QAM   | 64QAM      | 110.3 | 45        | Locked        | 0    |
+----+----------+------------+-------+-----------+---------------+------+

Upstream OFDMA
+----+----------+------------+-------+-----------+---------------+------+
| ID | Ch. Type | Modulation | Power | Frequency |  Lock status  | SNR  |
+----+----------+------------+-------+-----------+---------------+------+
| 9  | OFDMA    | 16_QAM     | 106.2 | 29.8-64.8 | SUCCESS       | 0    |
+----+----------+------------+-------+-----------+---------------+------+
"
`;
